# serializer version: 1
# name: test_eval_probe_and_top_sae_raw_scores_gives_sane_results
  list([
    'token',
    'answer_letter',
    'layer',
    'score_probe_a',
    'score_sae_a_top_0',
    'sae_a_top_0_feat',
    'cos_probe_sae_enc_a_top_0',
    'cos_probe_sae_dec_a_top_0',
    'score_sae_a_top_1',
    'sae_a_top_1_feat',
    'cos_probe_sae_enc_a_top_1',
    'cos_probe_sae_dec_a_top_1',
    'score_probe_b',
    'score_sae_b_top_0',
    'sae_b_top_0_feat',
    'cos_probe_sae_enc_b_top_0',
    'cos_probe_sae_dec_b_top_0',
    'score_sae_b_top_1',
    'sae_b_top_1_feat',
    'cos_probe_sae_enc_b_top_1',
    'cos_probe_sae_dec_b_top_1',
    'score_probe_c',
    'score_sae_c_top_0',
    'sae_c_top_0_feat',
    'cos_probe_sae_enc_c_top_0',
    'cos_probe_sae_dec_c_top_0',
    'score_sae_c_top_1',
    'sae_c_top_1_feat',
    'cos_probe_sae_enc_c_top_1',
    'cos_probe_sae_dec_c_top_1',
    'score_probe_d',
    'score_sae_d_top_0',
    'sae_d_top_0_feat',
    'cos_probe_sae_enc_d_top_0',
    'cos_probe_sae_dec_d_top_0',
    'score_sae_d_top_1',
    'sae_d_top_1_feat',
    'cos_probe_sae_enc_d_top_1',
    'cos_probe_sae_dec_d_top_1',
    'score_probe_e',
    'score_sae_e_top_0',
    'sae_e_top_0_feat',
    'cos_probe_sae_enc_e_top_0',
    'cos_probe_sae_dec_e_top_0',
    'score_sae_e_top_1',
    'sae_e_top_1_feat',
    'cos_probe_sae_enc_e_top_1',
    'cos_probe_sae_dec_e_top_1',
    'score_probe_f',
    'score_sae_f_top_0',
    'sae_f_top_0_feat',
    'cos_probe_sae_enc_f_top_0',
    'cos_probe_sae_dec_f_top_0',
    'score_sae_f_top_1',
    'sae_f_top_1_feat',
    'cos_probe_sae_enc_f_top_1',
    'cos_probe_sae_dec_f_top_1',
    'score_probe_g',
    'score_sae_g_top_0',
    'sae_g_top_0_feat',
    'cos_probe_sae_enc_g_top_0',
    'cos_probe_sae_dec_g_top_0',
    'score_sae_g_top_1',
    'sae_g_top_1_feat',
    'cos_probe_sae_enc_g_top_1',
    'cos_probe_sae_dec_g_top_1',
    'score_probe_h',
    'score_sae_h_top_0',
    'sae_h_top_0_feat',
    'cos_probe_sae_enc_h_top_0',
    'cos_probe_sae_dec_h_top_0',
    'score_sae_h_top_1',
    'sae_h_top_1_feat',
    'cos_probe_sae_enc_h_top_1',
    'cos_probe_sae_dec_h_top_1',
    'score_probe_i',
    'score_sae_i_top_0',
    'sae_i_top_0_feat',
    'cos_probe_sae_enc_i_top_0',
    'cos_probe_sae_dec_i_top_0',
    'score_sae_i_top_1',
    'sae_i_top_1_feat',
    'cos_probe_sae_enc_i_top_1',
    'cos_probe_sae_dec_i_top_1',
    'score_probe_j',
    'score_sae_j_top_0',
    'sae_j_top_0_feat',
    'cos_probe_sae_enc_j_top_0',
    'cos_probe_sae_dec_j_top_0',
    'score_sae_j_top_1',
    'sae_j_top_1_feat',
    'cos_probe_sae_enc_j_top_1',
    'cos_probe_sae_dec_j_top_1',
    'score_probe_k',
    'score_sae_k_top_0',
    'sae_k_top_0_feat',
    'cos_probe_sae_enc_k_top_0',
    'cos_probe_sae_dec_k_top_0',
    'score_sae_k_top_1',
    'sae_k_top_1_feat',
    'cos_probe_sae_enc_k_top_1',
    'cos_probe_sae_dec_k_top_1',
    'score_probe_l',
    'score_sae_l_top_0',
    'sae_l_top_0_feat',
    'cos_probe_sae_enc_l_top_0',
    'cos_probe_sae_dec_l_top_0',
    'score_sae_l_top_1',
    'sae_l_top_1_feat',
    'cos_probe_sae_enc_l_top_1',
    'cos_probe_sae_dec_l_top_1',
    'score_probe_m',
    'score_sae_m_top_0',
    'sae_m_top_0_feat',
    'cos_probe_sae_enc_m_top_0',
    'cos_probe_sae_dec_m_top_0',
    'score_sae_m_top_1',
    'sae_m_top_1_feat',
    'cos_probe_sae_enc_m_top_1',
    'cos_probe_sae_dec_m_top_1',
    'score_probe_n',
    'score_sae_n_top_0',
    'sae_n_top_0_feat',
    'cos_probe_sae_enc_n_top_0',
    'cos_probe_sae_dec_n_top_0',
    'score_sae_n_top_1',
    'sae_n_top_1_feat',
    'cos_probe_sae_enc_n_top_1',
    'cos_probe_sae_dec_n_top_1',
    'score_probe_o',
    'score_sae_o_top_0',
    'sae_o_top_0_feat',
    'cos_probe_sae_enc_o_top_0',
    'cos_probe_sae_dec_o_top_0',
    'score_sae_o_top_1',
    'sae_o_top_1_feat',
    'cos_probe_sae_enc_o_top_1',
    'cos_probe_sae_dec_o_top_1',
    'score_probe_p',
    'score_sae_p_top_0',
    'sae_p_top_0_feat',
    'cos_probe_sae_enc_p_top_0',
    'cos_probe_sae_dec_p_top_0',
    'score_sae_p_top_1',
    'sae_p_top_1_feat',
    'cos_probe_sae_enc_p_top_1',
    'cos_probe_sae_dec_p_top_1',
    'score_probe_q',
    'score_sae_q_top_0',
    'sae_q_top_0_feat',
    'cos_probe_sae_enc_q_top_0',
    'cos_probe_sae_dec_q_top_0',
    'score_sae_q_top_1',
    'sae_q_top_1_feat',
    'cos_probe_sae_enc_q_top_1',
    'cos_probe_sae_dec_q_top_1',
    'score_probe_r',
    'score_sae_r_top_0',
    'sae_r_top_0_feat',
    'cos_probe_sae_enc_r_top_0',
    'cos_probe_sae_dec_r_top_0',
    'score_sae_r_top_1',
    'sae_r_top_1_feat',
    'cos_probe_sae_enc_r_top_1',
    'cos_probe_sae_dec_r_top_1',
    'score_probe_s',
    'score_sae_s_top_0',
    'sae_s_top_0_feat',
    'cos_probe_sae_enc_s_top_0',
    'cos_probe_sae_dec_s_top_0',
    'score_sae_s_top_1',
    'sae_s_top_1_feat',
    'cos_probe_sae_enc_s_top_1',
    'cos_probe_sae_dec_s_top_1',
    'score_probe_t',
    'score_sae_t_top_0',
    'sae_t_top_0_feat',
    'cos_probe_sae_enc_t_top_0',
    'cos_probe_sae_dec_t_top_0',
    'score_sae_t_top_1',
    'sae_t_top_1_feat',
    'cos_probe_sae_enc_t_top_1',
    'cos_probe_sae_dec_t_top_1',
    'score_probe_u',
    'score_sae_u_top_0',
    'sae_u_top_0_feat',
    'cos_probe_sae_enc_u_top_0',
    'cos_probe_sae_dec_u_top_0',
    'score_sae_u_top_1',
    'sae_u_top_1_feat',
    'cos_probe_sae_enc_u_top_1',
    'cos_probe_sae_dec_u_top_1',
    'score_probe_v',
    'score_sae_v_top_0',
    'sae_v_top_0_feat',
    'cos_probe_sae_enc_v_top_0',
    'cos_probe_sae_dec_v_top_0',
    'score_sae_v_top_1',
    'sae_v_top_1_feat',
    'cos_probe_sae_enc_v_top_1',
    'cos_probe_sae_dec_v_top_1',
    'score_probe_w',
    'score_sae_w_top_0',
    'sae_w_top_0_feat',
    'cos_probe_sae_enc_w_top_0',
    'cos_probe_sae_dec_w_top_0',
    'score_sae_w_top_1',
    'sae_w_top_1_feat',
    'cos_probe_sae_enc_w_top_1',
    'cos_probe_sae_dec_w_top_1',
    'score_probe_x',
    'score_sae_x_top_0',
    'sae_x_top_0_feat',
    'cos_probe_sae_enc_x_top_0',
    'cos_probe_sae_dec_x_top_0',
    'score_sae_x_top_1',
    'sae_x_top_1_feat',
    'cos_probe_sae_enc_x_top_1',
    'cos_probe_sae_dec_x_top_1',
    'score_probe_y',
    'score_sae_y_top_0',
    'sae_y_top_0_feat',
    'cos_probe_sae_enc_y_top_0',
    'cos_probe_sae_dec_y_top_0',
    'score_sae_y_top_1',
    'sae_y_top_1_feat',
    'cos_probe_sae_enc_y_top_1',
    'cos_probe_sae_dec_y_top_1',
    'score_probe_z',
    'score_sae_z_top_0',
    'sae_z_top_0_feat',
    'cos_probe_sae_enc_z_top_0',
    'cos_probe_sae_dec_z_top_0',
    'score_sae_z_top_1',
    'sae_z_top_1_feat',
    'cos_probe_sae_enc_z_top_1',
    'cos_probe_sae_dec_z_top_1',
  ])
# ---
