# serializer version: 1
# name: test_eval_probe_and_sae_k_sparse_raw_scores_gives_sane_results
  list([
    'token',
    'answer_letter',
    'score_probe_a',
    'score_sparse_sae_a_k_1',
    'sum_sparse_sae_a_k_1',
    'sparse_sae_a_k_1_acts',
    'score_sparse_sae_a_k_2',
    'sum_sparse_sae_a_k_2',
    'sparse_sae_a_k_2_acts',
    'score_sparse_sae_a_k_3',
    'sum_sparse_sae_a_k_3',
    'sparse_sae_a_k_3_acts',
    'score_probe_b',
    'score_sparse_sae_b_k_1',
    'sum_sparse_sae_b_k_1',
    'sparse_sae_b_k_1_acts',
    'score_sparse_sae_b_k_2',
    'sum_sparse_sae_b_k_2',
    'sparse_sae_b_k_2_acts',
    'score_sparse_sae_b_k_3',
    'sum_sparse_sae_b_k_3',
    'sparse_sae_b_k_3_acts',
    'score_probe_c',
    'score_sparse_sae_c_k_1',
    'sum_sparse_sae_c_k_1',
    'sparse_sae_c_k_1_acts',
    'score_sparse_sae_c_k_2',
    'sum_sparse_sae_c_k_2',
    'sparse_sae_c_k_2_acts',
    'score_sparse_sae_c_k_3',
    'sum_sparse_sae_c_k_3',
    'sparse_sae_c_k_3_acts',
    'score_probe_d',
    'score_sparse_sae_d_k_1',
    'sum_sparse_sae_d_k_1',
    'sparse_sae_d_k_1_acts',
    'score_sparse_sae_d_k_2',
    'sum_sparse_sae_d_k_2',
    'sparse_sae_d_k_2_acts',
    'score_sparse_sae_d_k_3',
    'sum_sparse_sae_d_k_3',
    'sparse_sae_d_k_3_acts',
    'score_probe_e',
    'score_sparse_sae_e_k_1',
    'sum_sparse_sae_e_k_1',
    'sparse_sae_e_k_1_acts',
    'score_sparse_sae_e_k_2',
    'sum_sparse_sae_e_k_2',
    'sparse_sae_e_k_2_acts',
    'score_sparse_sae_e_k_3',
    'sum_sparse_sae_e_k_3',
    'sparse_sae_e_k_3_acts',
    'score_probe_f',
    'score_sparse_sae_f_k_1',
    'sum_sparse_sae_f_k_1',
    'sparse_sae_f_k_1_acts',
    'score_sparse_sae_f_k_2',
    'sum_sparse_sae_f_k_2',
    'sparse_sae_f_k_2_acts',
    'score_sparse_sae_f_k_3',
    'sum_sparse_sae_f_k_3',
    'sparse_sae_f_k_3_acts',
    'score_probe_g',
    'score_sparse_sae_g_k_1',
    'sum_sparse_sae_g_k_1',
    'sparse_sae_g_k_1_acts',
    'score_sparse_sae_g_k_2',
    'sum_sparse_sae_g_k_2',
    'sparse_sae_g_k_2_acts',
    'score_sparse_sae_g_k_3',
    'sum_sparse_sae_g_k_3',
    'sparse_sae_g_k_3_acts',
    'score_probe_h',
    'score_sparse_sae_h_k_1',
    'sum_sparse_sae_h_k_1',
    'sparse_sae_h_k_1_acts',
    'score_sparse_sae_h_k_2',
    'sum_sparse_sae_h_k_2',
    'sparse_sae_h_k_2_acts',
    'score_sparse_sae_h_k_3',
    'sum_sparse_sae_h_k_3',
    'sparse_sae_h_k_3_acts',
    'score_probe_i',
    'score_sparse_sae_i_k_1',
    'sum_sparse_sae_i_k_1',
    'sparse_sae_i_k_1_acts',
    'score_sparse_sae_i_k_2',
    'sum_sparse_sae_i_k_2',
    'sparse_sae_i_k_2_acts',
    'score_sparse_sae_i_k_3',
    'sum_sparse_sae_i_k_3',
    'sparse_sae_i_k_3_acts',
    'score_probe_j',
    'score_sparse_sae_j_k_1',
    'sum_sparse_sae_j_k_1',
    'sparse_sae_j_k_1_acts',
    'score_sparse_sae_j_k_2',
    'sum_sparse_sae_j_k_2',
    'sparse_sae_j_k_2_acts',
    'score_sparse_sae_j_k_3',
    'sum_sparse_sae_j_k_3',
    'sparse_sae_j_k_3_acts',
    'score_probe_k',
    'score_sparse_sae_k_k_1',
    'sum_sparse_sae_k_k_1',
    'sparse_sae_k_k_1_acts',
    'score_sparse_sae_k_k_2',
    'sum_sparse_sae_k_k_2',
    'sparse_sae_k_k_2_acts',
    'score_sparse_sae_k_k_3',
    'sum_sparse_sae_k_k_3',
    'sparse_sae_k_k_3_acts',
    'score_probe_l',
    'score_sparse_sae_l_k_1',
    'sum_sparse_sae_l_k_1',
    'sparse_sae_l_k_1_acts',
    'score_sparse_sae_l_k_2',
    'sum_sparse_sae_l_k_2',
    'sparse_sae_l_k_2_acts',
    'score_sparse_sae_l_k_3',
    'sum_sparse_sae_l_k_3',
    'sparse_sae_l_k_3_acts',
    'score_probe_m',
    'score_sparse_sae_m_k_1',
    'sum_sparse_sae_m_k_1',
    'sparse_sae_m_k_1_acts',
    'score_sparse_sae_m_k_2',
    'sum_sparse_sae_m_k_2',
    'sparse_sae_m_k_2_acts',
    'score_sparse_sae_m_k_3',
    'sum_sparse_sae_m_k_3',
    'sparse_sae_m_k_3_acts',
    'score_probe_n',
    'score_sparse_sae_n_k_1',
    'sum_sparse_sae_n_k_1',
    'sparse_sae_n_k_1_acts',
    'score_sparse_sae_n_k_2',
    'sum_sparse_sae_n_k_2',
    'sparse_sae_n_k_2_acts',
    'score_sparse_sae_n_k_3',
    'sum_sparse_sae_n_k_3',
    'sparse_sae_n_k_3_acts',
    'score_probe_o',
    'score_sparse_sae_o_k_1',
    'sum_sparse_sae_o_k_1',
    'sparse_sae_o_k_1_acts',
    'score_sparse_sae_o_k_2',
    'sum_sparse_sae_o_k_2',
    'sparse_sae_o_k_2_acts',
    'score_sparse_sae_o_k_3',
    'sum_sparse_sae_o_k_3',
    'sparse_sae_o_k_3_acts',
    'score_probe_p',
    'score_sparse_sae_p_k_1',
    'sum_sparse_sae_p_k_1',
    'sparse_sae_p_k_1_acts',
    'score_sparse_sae_p_k_2',
    'sum_sparse_sae_p_k_2',
    'sparse_sae_p_k_2_acts',
    'score_sparse_sae_p_k_3',
    'sum_sparse_sae_p_k_3',
    'sparse_sae_p_k_3_acts',
    'score_probe_q',
    'score_sparse_sae_q_k_1',
    'sum_sparse_sae_q_k_1',
    'sparse_sae_q_k_1_acts',
    'score_sparse_sae_q_k_2',
    'sum_sparse_sae_q_k_2',
    'sparse_sae_q_k_2_acts',
    'score_sparse_sae_q_k_3',
    'sum_sparse_sae_q_k_3',
    'sparse_sae_q_k_3_acts',
    'score_probe_r',
    'score_sparse_sae_r_k_1',
    'sum_sparse_sae_r_k_1',
    'sparse_sae_r_k_1_acts',
    'score_sparse_sae_r_k_2',
    'sum_sparse_sae_r_k_2',
    'sparse_sae_r_k_2_acts',
    'score_sparse_sae_r_k_3',
    'sum_sparse_sae_r_k_3',
    'sparse_sae_r_k_3_acts',
    'score_probe_s',
    'score_sparse_sae_s_k_1',
    'sum_sparse_sae_s_k_1',
    'sparse_sae_s_k_1_acts',
    'score_sparse_sae_s_k_2',
    'sum_sparse_sae_s_k_2',
    'sparse_sae_s_k_2_acts',
    'score_sparse_sae_s_k_3',
    'sum_sparse_sae_s_k_3',
    'sparse_sae_s_k_3_acts',
    'score_probe_t',
    'score_sparse_sae_t_k_1',
    'sum_sparse_sae_t_k_1',
    'sparse_sae_t_k_1_acts',
    'score_sparse_sae_t_k_2',
    'sum_sparse_sae_t_k_2',
    'sparse_sae_t_k_2_acts',
    'score_sparse_sae_t_k_3',
    'sum_sparse_sae_t_k_3',
    'sparse_sae_t_k_3_acts',
    'score_probe_u',
    'score_sparse_sae_u_k_1',
    'sum_sparse_sae_u_k_1',
    'sparse_sae_u_k_1_acts',
    'score_sparse_sae_u_k_2',
    'sum_sparse_sae_u_k_2',
    'sparse_sae_u_k_2_acts',
    'score_sparse_sae_u_k_3',
    'sum_sparse_sae_u_k_3',
    'sparse_sae_u_k_3_acts',
    'score_probe_v',
    'score_sparse_sae_v_k_1',
    'sum_sparse_sae_v_k_1',
    'sparse_sae_v_k_1_acts',
    'score_sparse_sae_v_k_2',
    'sum_sparse_sae_v_k_2',
    'sparse_sae_v_k_2_acts',
    'score_sparse_sae_v_k_3',
    'sum_sparse_sae_v_k_3',
    'sparse_sae_v_k_3_acts',
    'score_probe_w',
    'score_sparse_sae_w_k_1',
    'sum_sparse_sae_w_k_1',
    'sparse_sae_w_k_1_acts',
    'score_sparse_sae_w_k_2',
    'sum_sparse_sae_w_k_2',
    'sparse_sae_w_k_2_acts',
    'score_sparse_sae_w_k_3',
    'sum_sparse_sae_w_k_3',
    'sparse_sae_w_k_3_acts',
    'score_probe_x',
    'score_sparse_sae_x_k_1',
    'sum_sparse_sae_x_k_1',
    'sparse_sae_x_k_1_acts',
    'score_sparse_sae_x_k_2',
    'sum_sparse_sae_x_k_2',
    'sparse_sae_x_k_2_acts',
    'score_sparse_sae_x_k_3',
    'sum_sparse_sae_x_k_3',
    'sparse_sae_x_k_3_acts',
    'score_probe_y',
    'score_sparse_sae_y_k_1',
    'sum_sparse_sae_y_k_1',
    'sparse_sae_y_k_1_acts',
    'score_sparse_sae_y_k_2',
    'sum_sparse_sae_y_k_2',
    'sparse_sae_y_k_2_acts',
    'score_sparse_sae_y_k_3',
    'sum_sparse_sae_y_k_3',
    'sparse_sae_y_k_3_acts',
    'score_probe_z',
    'score_sparse_sae_z_k_1',
    'sum_sparse_sae_z_k_1',
    'sparse_sae_z_k_1_acts',
    'score_sparse_sae_z_k_2',
    'sum_sparse_sae_z_k_2',
    'sparse_sae_z_k_2_acts',
    'score_sparse_sae_z_k_3',
    'sum_sparse_sae_z_k_3',
    'sparse_sae_z_k_3_acts',
  ])
# ---
