# serializer version: 1
# name: test_get_gemmascope_saes_info
  list([
    SaeInfo(l0=105, layer=0, width=16000, path='layer_0/width_16k/average_l0_105'),
    SaeInfo(l0=13, layer=0, width=16000, path='layer_0/width_16k/average_l0_13'),
    SaeInfo(l0=226, layer=0, width=16000, path='layer_0/width_16k/average_l0_226'),
    SaeInfo(l0=25, layer=0, width=16000, path='layer_0/width_16k/average_l0_25'),
    SaeInfo(l0=46, layer=0, width=16000, path='layer_0/width_16k/average_l0_46'),
    SaeInfo(l0=10, layer=1, width=16000, path='layer_1/width_16k/average_l0_10'),
    SaeInfo(l0=102, layer=1, width=16000, path='layer_1/width_16k/average_l0_102'),
    SaeInfo(l0=20, layer=1, width=16000, path='layer_1/width_16k/average_l0_20'),
    SaeInfo(l0=250, layer=1, width=16000, path='layer_1/width_16k/average_l0_250'),
    SaeInfo(l0=40, layer=1, width=16000, path='layer_1/width_16k/average_l0_40'),
    SaeInfo(l0=13, layer=2, width=16000, path='layer_2/width_16k/average_l0_13'),
    SaeInfo(l0=141, layer=2, width=16000, path='layer_2/width_16k/average_l0_141'),
    SaeInfo(l0=142, layer=2, width=16000, path='layer_2/width_16k/average_l0_142'),
    SaeInfo(l0=24, layer=2, width=16000, path='layer_2/width_16k/average_l0_24'),
    SaeInfo(l0=304, layer=2, width=16000, path='layer_2/width_16k/average_l0_304'),
    SaeInfo(l0=53, layer=2, width=16000, path='layer_2/width_16k/average_l0_53'),
    SaeInfo(l0=14, layer=3, width=16000, path='layer_3/width_16k/average_l0_14'),
    SaeInfo(l0=142, layer=3, width=16000, path='layer_3/width_16k/average_l0_142'),
    SaeInfo(l0=28, layer=3, width=16000, path='layer_3/width_16k/average_l0_28'),
    SaeInfo(l0=315, layer=3, width=16000, path='layer_3/width_16k/average_l0_315'),
    SaeInfo(l0=59, layer=3, width=16000, path='layer_3/width_16k/average_l0_59'),
    SaeInfo(l0=124, layer=4, width=16000, path='layer_4/width_16k/average_l0_124'),
    SaeInfo(l0=125, layer=4, width=16000, path='layer_4/width_16k/average_l0_125'),
    SaeInfo(l0=17, layer=4, width=16000, path='layer_4/width_16k/average_l0_17'),
    SaeInfo(l0=281, layer=4, width=16000, path='layer_4/width_16k/average_l0_281'),
    SaeInfo(l0=31, layer=4, width=16000, path='layer_4/width_16k/average_l0_31'),
    SaeInfo(l0=60, layer=4, width=16000, path='layer_4/width_16k/average_l0_60'),
    SaeInfo(l0=143, layer=5, width=16000, path='layer_5/width_16k/average_l0_143'),
    SaeInfo(l0=18, layer=5, width=16000, path='layer_5/width_16k/average_l0_18'),
    SaeInfo(l0=309, layer=5, width=16000, path='layer_5/width_16k/average_l0_309'),
    SaeInfo(l0=34, layer=5, width=16000, path='layer_5/width_16k/average_l0_34'),
    SaeInfo(l0=68, layer=5, width=16000, path='layer_5/width_16k/average_l0_68'),
    SaeInfo(l0=144, layer=6, width=16000, path='layer_6/width_16k/average_l0_144'),
    SaeInfo(l0=19, layer=6, width=16000, path='layer_6/width_16k/average_l0_19'),
    SaeInfo(l0=301, layer=6, width=16000, path='layer_6/width_16k/average_l0_301'),
    SaeInfo(l0=36, layer=6, width=16000, path='layer_6/width_16k/average_l0_36'),
    SaeInfo(l0=70, layer=6, width=16000, path='layer_6/width_16k/average_l0_70'),
    SaeInfo(l0=137, layer=7, width=16000, path='layer_7/width_16k/average_l0_137'),
    SaeInfo(l0=20, layer=7, width=16000, path='layer_7/width_16k/average_l0_20'),
    SaeInfo(l0=285, layer=7, width=16000, path='layer_7/width_16k/average_l0_285'),
    SaeInfo(l0=36, layer=7, width=16000, path='layer_7/width_16k/average_l0_36'),
    SaeInfo(l0=69, layer=7, width=16000, path='layer_7/width_16k/average_l0_69'),
    SaeInfo(l0=142, layer=8, width=16000, path='layer_8/width_16k/average_l0_142'),
    SaeInfo(l0=20, layer=8, width=16000, path='layer_8/width_16k/average_l0_20'),
    SaeInfo(l0=301, layer=8, width=16000, path='layer_8/width_16k/average_l0_301'),
    SaeInfo(l0=37, layer=8, width=16000, path='layer_8/width_16k/average_l0_37'),
    SaeInfo(l0=71, layer=8, width=16000, path='layer_8/width_16k/average_l0_71'),
    SaeInfo(l0=151, layer=9, width=16000, path='layer_9/width_16k/average_l0_151'),
    SaeInfo(l0=21, layer=9, width=16000, path='layer_9/width_16k/average_l0_21'),
    SaeInfo(l0=340, layer=9, width=16000, path='layer_9/width_16k/average_l0_340'),
    SaeInfo(l0=37, layer=9, width=16000, path='layer_9/width_16k/average_l0_37'),
    SaeInfo(l0=73, layer=9, width=16000, path='layer_9/width_16k/average_l0_73'),
    SaeInfo(l0=166, layer=10, width=16000, path='layer_10/width_16k/average_l0_166'),
    SaeInfo(l0=21, layer=10, width=16000, path='layer_10/width_16k/average_l0_21'),
    SaeInfo(l0=39, layer=10, width=16000, path='layer_10/width_16k/average_l0_39'),
    SaeInfo(l0=395, layer=10, width=16000, path='layer_10/width_16k/average_l0_395'),
    SaeInfo(l0=77, layer=10, width=16000, path='layer_10/width_16k/average_l0_77'),
    SaeInfo(l0=168, layer=11, width=16000, path='layer_11/width_16k/average_l0_168'),
    SaeInfo(l0=22, layer=11, width=16000, path='layer_11/width_16k/average_l0_22'),
    SaeInfo(l0=393, layer=11, width=16000, path='layer_11/width_16k/average_l0_393'),
    SaeInfo(l0=41, layer=11, width=16000, path='layer_11/width_16k/average_l0_41'),
    SaeInfo(l0=79, layer=11, width=16000, path='layer_11/width_16k/average_l0_79'),
    SaeInfo(l0=80, layer=11, width=16000, path='layer_11/width_16k/average_l0_80'),
    SaeInfo(l0=176, layer=12, width=16000, path='layer_12/width_16k/average_l0_176'),
    SaeInfo(l0=22, layer=12, width=16000, path='layer_12/width_16k/average_l0_22'),
    SaeInfo(l0=41, layer=12, width=16000, path='layer_12/width_16k/average_l0_41'),
    SaeInfo(l0=445, layer=12, width=16000, path='layer_12/width_16k/average_l0_445'),
    SaeInfo(l0=82, layer=12, width=16000, path='layer_12/width_16k/average_l0_82'),
    SaeInfo(l0=173, layer=13, width=16000, path='layer_13/width_16k/average_l0_173'),
    SaeInfo(l0=23, layer=13, width=16000, path='layer_13/width_16k/average_l0_23'),
    SaeInfo(l0=403, layer=13, width=16000, path='layer_13/width_16k/average_l0_403'),
    SaeInfo(l0=43, layer=13, width=16000, path='layer_13/width_16k/average_l0_43'),
    SaeInfo(l0=83, layer=13, width=16000, path='layer_13/width_16k/average_l0_83'),
    SaeInfo(l0=84, layer=13, width=16000, path='layer_13/width_16k/average_l0_84'),
    SaeInfo(l0=173, layer=14, width=16000, path='layer_14/width_16k/average_l0_173'),
    SaeInfo(l0=23, layer=14, width=16000, path='layer_14/width_16k/average_l0_23'),
    SaeInfo(l0=388, layer=14, width=16000, path='layer_14/width_16k/average_l0_388'),
    SaeInfo(l0=43, layer=14, width=16000, path='layer_14/width_16k/average_l0_43'),
    SaeInfo(l0=83, layer=14, width=16000, path='layer_14/width_16k/average_l0_83'),
    SaeInfo(l0=84, layer=14, width=16000, path='layer_14/width_16k/average_l0_84'),
    SaeInfo(l0=150, layer=15, width=16000, path='layer_15/width_16k/average_l0_150'),
    SaeInfo(l0=23, layer=15, width=16000, path='layer_15/width_16k/average_l0_23'),
    SaeInfo(l0=308, layer=15, width=16000, path='layer_15/width_16k/average_l0_308'),
    SaeInfo(l0=41, layer=15, width=16000, path='layer_15/width_16k/average_l0_41'),
    SaeInfo(l0=78, layer=15, width=16000, path='layer_15/width_16k/average_l0_78'),
    SaeInfo(l0=154, layer=16, width=16000, path='layer_16/width_16k/average_l0_154'),
    SaeInfo(l0=23, layer=16, width=16000, path='layer_16/width_16k/average_l0_23'),
    SaeInfo(l0=335, layer=16, width=16000, path='layer_16/width_16k/average_l0_335'),
    SaeInfo(l0=42, layer=16, width=16000, path='layer_16/width_16k/average_l0_42'),
    SaeInfo(l0=78, layer=16, width=16000, path='layer_16/width_16k/average_l0_78'),
    SaeInfo(l0=150, layer=17, width=16000, path='layer_17/width_16k/average_l0_150'),
    SaeInfo(l0=23, layer=17, width=16000, path='layer_17/width_16k/average_l0_23'),
    SaeInfo(l0=304, layer=17, width=16000, path='layer_17/width_16k/average_l0_304'),
    SaeInfo(l0=42, layer=17, width=16000, path='layer_17/width_16k/average_l0_42'),
    SaeInfo(l0=77, layer=17, width=16000, path='layer_17/width_16k/average_l0_77'),
    SaeInfo(l0=138, layer=18, width=16000, path='layer_18/width_16k/average_l0_138'),
    SaeInfo(l0=23, layer=18, width=16000, path='layer_18/width_16k/average_l0_23'),
    SaeInfo(l0=280, layer=18, width=16000, path='layer_18/width_16k/average_l0_280'),
    SaeInfo(l0=40, layer=18, width=16000, path='layer_18/width_16k/average_l0_40'),
    SaeInfo(l0=74, layer=18, width=16000, path='layer_18/width_16k/average_l0_74'),
    SaeInfo(l0=137, layer=19, width=16000, path='layer_19/width_16k/average_l0_137'),
    SaeInfo(l0=23, layer=19, width=16000, path='layer_19/width_16k/average_l0_23'),
    SaeInfo(l0=279, layer=19, width=16000, path='layer_19/width_16k/average_l0_279'),
    SaeInfo(l0=40, layer=19, width=16000, path='layer_19/width_16k/average_l0_40'),
    SaeInfo(l0=73, layer=19, width=16000, path='layer_19/width_16k/average_l0_73'),
    SaeInfo(l0=139, layer=20, width=16000, path='layer_20/width_16k/average_l0_139'),
    SaeInfo(l0=22, layer=20, width=16000, path='layer_20/width_16k/average_l0_22'),
    SaeInfo(l0=294, layer=20, width=16000, path='layer_20/width_16k/average_l0_294'),
    SaeInfo(l0=38, layer=20, width=16000, path='layer_20/width_16k/average_l0_38'),
    SaeInfo(l0=71, layer=20, width=16000, path='layer_20/width_16k/average_l0_71'),
    SaeInfo(l0=139, layer=21, width=16000, path='layer_21/width_16k/average_l0_139'),
    SaeInfo(l0=22, layer=21, width=16000, path='layer_21/width_16k/average_l0_22'),
    SaeInfo(l0=301, layer=21, width=16000, path='layer_21/width_16k/average_l0_301'),
    SaeInfo(l0=38, layer=21, width=16000, path='layer_21/width_16k/average_l0_38'),
    SaeInfo(l0=70, layer=21, width=16000, path='layer_21/width_16k/average_l0_70'),
    SaeInfo(l0=147, layer=22, width=16000, path='layer_22/width_16k/average_l0_147'),
    SaeInfo(l0=21, layer=22, width=16000, path='layer_22/width_16k/average_l0_21'),
    SaeInfo(l0=349, layer=22, width=16000, path='layer_22/width_16k/average_l0_349'),
    SaeInfo(l0=38, layer=22, width=16000, path='layer_22/width_16k/average_l0_38'),
    SaeInfo(l0=72, layer=22, width=16000, path='layer_22/width_16k/average_l0_72'),
    SaeInfo(l0=157, layer=23, width=16000, path='layer_23/width_16k/average_l0_157'),
    SaeInfo(l0=21, layer=23, width=16000, path='layer_23/width_16k/average_l0_21'),
    SaeInfo(l0=38, layer=23, width=16000, path='layer_23/width_16k/average_l0_38'),
    SaeInfo(l0=404, layer=23, width=16000, path='layer_23/width_16k/average_l0_404'),
    SaeInfo(l0=74, layer=23, width=16000, path='layer_23/width_16k/average_l0_74'),
    SaeInfo(l0=75, layer=23, width=16000, path='layer_23/width_16k/average_l0_75'),
    SaeInfo(l0=158, layer=24, width=16000, path='layer_24/width_16k/average_l0_158'),
    SaeInfo(l0=20, layer=24, width=16000, path='layer_24/width_16k/average_l0_20'),
    SaeInfo(l0=38, layer=24, width=16000, path='layer_24/width_16k/average_l0_38'),
    SaeInfo(l0=457, layer=24, width=16000, path='layer_24/width_16k/average_l0_457'),
    SaeInfo(l0=73, layer=24, width=16000, path='layer_24/width_16k/average_l0_73'),
    SaeInfo(l0=116, layer=25, width=16000, path='layer_25/width_16k/average_l0_116'),
    SaeInfo(l0=16, layer=25, width=16000, path='layer_25/width_16k/average_l0_16'),
    SaeInfo(l0=28, layer=25, width=16000, path='layer_25/width_16k/average_l0_28'),
    SaeInfo(l0=285, layer=25, width=16000, path='layer_25/width_16k/average_l0_285'),
    SaeInfo(l0=55, layer=25, width=16000, path='layer_25/width_16k/average_l0_55'),
    SaeInfo(l0=114, layer=5, width=1000000, path='layer_5/width_1m/average_l0_114'),
    SaeInfo(l0=13, layer=5, width=1000000, path='layer_5/width_1m/average_l0_13'),
    SaeInfo(l0=21, layer=5, width=1000000, path='layer_5/width_1m/average_l0_21'),
    SaeInfo(l0=36, layer=5, width=1000000, path='layer_5/width_1m/average_l0_36'),
    SaeInfo(l0=63, layer=5, width=1000000, path='layer_5/width_1m/average_l0_63'),
    SaeInfo(l0=9, layer=5, width=1000000, path='layer_5/width_1m/average_l0_9'),
    SaeInfo(l0=107, layer=12, width=1000000, path='layer_12/width_1m/average_l0_107'),
    SaeInfo(l0=19, layer=12, width=1000000, path='layer_12/width_1m/average_l0_19'),
    SaeInfo(l0=207, layer=12, width=1000000, path='layer_12/width_1m/average_l0_207'),
    SaeInfo(l0=26, layer=12, width=1000000, path='layer_12/width_1m/average_l0_26'),
    SaeInfo(l0=58, layer=12, width=1000000, path='layer_12/width_1m/average_l0_58'),
    SaeInfo(l0=73, layer=12, width=1000000, path='layer_12/width_1m/average_l0_73'),
    SaeInfo(l0=157, layer=19, width=1000000, path='layer_19/width_1m/average_l0_157'),
    SaeInfo(l0=16, layer=19, width=1000000, path='layer_19/width_1m/average_l0_16'),
    SaeInfo(l0=18, layer=19, width=1000000, path='layer_19/width_1m/average_l0_18'),
    SaeInfo(l0=29, layer=19, width=1000000, path='layer_19/width_1m/average_l0_29'),
    SaeInfo(l0=50, layer=19, width=1000000, path='layer_19/width_1m/average_l0_50'),
    SaeInfo(l0=88, layer=19, width=1000000, path='layer_19/width_1m/average_l0_88'),
    SaeInfo(l0=11, layer=12, width=262000, path='layer_12/width_262k/average_l0_11'),
    SaeInfo(l0=121, layer=12, width=262000, path='layer_12/width_262k/average_l0_121'),
    SaeInfo(l0=21, layer=12, width=262000, path='layer_12/width_262k/average_l0_21'),
    SaeInfo(l0=243, layer=12, width=262000, path='layer_12/width_262k/average_l0_243'),
    SaeInfo(l0=36, layer=12, width=262000, path='layer_12/width_262k/average_l0_36'),
    SaeInfo(l0=67, layer=12, width=262000, path='layer_12/width_262k/average_l0_67'),
    SaeInfo(l0=12, layer=12, width=32000, path='layer_12/width_32k/average_l0_12'),
    SaeInfo(l0=155, layer=12, width=32000, path='layer_12/width_32k/average_l0_155'),
    SaeInfo(l0=22, layer=12, width=32000, path='layer_12/width_32k/average_l0_22'),
    SaeInfo(l0=360, layer=12, width=32000, path='layer_12/width_32k/average_l0_360'),
    SaeInfo(l0=40, layer=12, width=32000, path='layer_12/width_32k/average_l0_40'),
    SaeInfo(l0=76, layer=12, width=32000, path='layer_12/width_32k/average_l0_76'),
    SaeInfo(l0=115, layer=12, width=524000, path='layer_12/width_524k/average_l0_115'),
    SaeInfo(l0=22, layer=12, width=524000, path='layer_12/width_524k/average_l0_22'),
    SaeInfo(l0=227, layer=12, width=524000, path='layer_12/width_524k/average_l0_227'),
    SaeInfo(l0=29, layer=12, width=524000, path='layer_12/width_524k/average_l0_29'),
    SaeInfo(l0=46, layer=12, width=524000, path='layer_12/width_524k/average_l0_46'),
    SaeInfo(l0=65, layer=12, width=524000, path='layer_12/width_524k/average_l0_65'),
    SaeInfo(l0=11, layer=0, width=65000, path='layer_0/width_65k/average_l0_11'),
    SaeInfo(l0=17, layer=0, width=65000, path='layer_0/width_65k/average_l0_17'),
    SaeInfo(l0=27, layer=0, width=65000, path='layer_0/width_65k/average_l0_27'),
    SaeInfo(l0=43, layer=0, width=65000, path='layer_0/width_65k/average_l0_43'),
    SaeInfo(l0=73, layer=0, width=65000, path='layer_0/width_65k/average_l0_73'),
    SaeInfo(l0=121, layer=1, width=65000, path='layer_1/width_65k/average_l0_121'),
    SaeInfo(l0=16, layer=1, width=65000, path='layer_1/width_65k/average_l0_16'),
    SaeInfo(l0=30, layer=1, width=65000, path='layer_1/width_65k/average_l0_30'),
    SaeInfo(l0=54, layer=1, width=65000, path='layer_1/width_65k/average_l0_54'),
    SaeInfo(l0=9, layer=1, width=65000, path='layer_1/width_65k/average_l0_9'),
    SaeInfo(l0=11, layer=2, width=65000, path='layer_2/width_65k/average_l0_11'),
    SaeInfo(l0=169, layer=2, width=65000, path='layer_2/width_65k/average_l0_169'),
    SaeInfo(l0=20, layer=2, width=65000, path='layer_2/width_65k/average_l0_20'),
    SaeInfo(l0=37, layer=2, width=65000, path='layer_2/width_65k/average_l0_37'),
    SaeInfo(l0=77, layer=2, width=65000, path='layer_2/width_65k/average_l0_77'),
    SaeInfo(l0=13, layer=3, width=65000, path='layer_3/width_65k/average_l0_13'),
    SaeInfo(l0=193, layer=3, width=65000, path='layer_3/width_65k/average_l0_193'),
    SaeInfo(l0=23, layer=3, width=65000, path='layer_3/width_65k/average_l0_23'),
    SaeInfo(l0=42, layer=3, width=65000, path='layer_3/width_65k/average_l0_42'),
    SaeInfo(l0=89, layer=3, width=65000, path='layer_3/width_65k/average_l0_89'),
    SaeInfo(l0=14, layer=4, width=65000, path='layer_4/width_65k/average_l0_14'),
    SaeInfo(l0=177, layer=4, width=65000, path='layer_4/width_65k/average_l0_177'),
    SaeInfo(l0=25, layer=4, width=65000, path='layer_4/width_65k/average_l0_25'),
    SaeInfo(l0=46, layer=4, width=65000, path='layer_4/width_65k/average_l0_46'),
    SaeInfo(l0=89, layer=4, width=65000, path='layer_4/width_65k/average_l0_89'),
    SaeInfo(l0=105, layer=5, width=65000, path='layer_5/width_65k/average_l0_105'),
    SaeInfo(l0=17, layer=5, width=65000, path='layer_5/width_65k/average_l0_17'),
    SaeInfo(l0=211, layer=5, width=65000, path='layer_5/width_65k/average_l0_211'),
    SaeInfo(l0=29, layer=5, width=65000, path='layer_5/width_65k/average_l0_29'),
    SaeInfo(l0=53, layer=5, width=65000, path='layer_5/width_65k/average_l0_53'),
    SaeInfo(l0=107, layer=6, width=65000, path='layer_6/width_65k/average_l0_107'),
    SaeInfo(l0=17, layer=6, width=65000, path='layer_6/width_65k/average_l0_17'),
    SaeInfo(l0=208, layer=6, width=65000, path='layer_6/width_65k/average_l0_208'),
    SaeInfo(l0=30, layer=6, width=65000, path='layer_6/width_65k/average_l0_30'),
    SaeInfo(l0=56, layer=6, width=65000, path='layer_6/width_65k/average_l0_56'),
    SaeInfo(l0=107, layer=7, width=65000, path='layer_7/width_65k/average_l0_107'),
    SaeInfo(l0=18, layer=7, width=65000, path='layer_7/width_65k/average_l0_18'),
    SaeInfo(l0=203, layer=7, width=65000, path='layer_7/width_65k/average_l0_203'),
    SaeInfo(l0=31, layer=7, width=65000, path='layer_7/width_65k/average_l0_31'),
    SaeInfo(l0=57, layer=7, width=65000, path='layer_7/width_65k/average_l0_57'),
    SaeInfo(l0=111, layer=8, width=65000, path='layer_8/width_65k/average_l0_111'),
    SaeInfo(l0=19, layer=8, width=65000, path='layer_8/width_65k/average_l0_19'),
    SaeInfo(l0=213, layer=8, width=65000, path='layer_8/width_65k/average_l0_213'),
    SaeInfo(l0=33, layer=8, width=65000, path='layer_8/width_65k/average_l0_33'),
    SaeInfo(l0=59, layer=8, width=65000, path='layer_8/width_65k/average_l0_59'),
    SaeInfo(l0=118, layer=9, width=65000, path='layer_9/width_65k/average_l0_118'),
    SaeInfo(l0=19, layer=9, width=65000, path='layer_9/width_65k/average_l0_19'),
    SaeInfo(l0=240, layer=9, width=65000, path='layer_9/width_65k/average_l0_240'),
    SaeInfo(l0=34, layer=9, width=65000, path='layer_9/width_65k/average_l0_34'),
    SaeInfo(l0=61, layer=9, width=65000, path='layer_9/width_65k/average_l0_61'),
    SaeInfo(l0=128, layer=10, width=65000, path='layer_10/width_65k/average_l0_128'),
    SaeInfo(l0=20, layer=10, width=65000, path='layer_10/width_65k/average_l0_20'),
    SaeInfo(l0=265, layer=10, width=65000, path='layer_10/width_65k/average_l0_265'),
    SaeInfo(l0=36, layer=10, width=65000, path='layer_10/width_65k/average_l0_36'),
    SaeInfo(l0=66, layer=10, width=65000, path='layer_10/width_65k/average_l0_66'),
    SaeInfo(l0=134, layer=11, width=65000, path='layer_11/width_65k/average_l0_134'),
    SaeInfo(l0=21, layer=11, width=65000, path='layer_11/width_65k/average_l0_21'),
    SaeInfo(l0=273, layer=11, width=65000, path='layer_11/width_65k/average_l0_273'),
    SaeInfo(l0=37, layer=11, width=65000, path='layer_11/width_65k/average_l0_37'),
    SaeInfo(l0=70, layer=11, width=65000, path='layer_11/width_65k/average_l0_70'),
    SaeInfo(l0=141, layer=12, width=65000, path='layer_12/width_65k/average_l0_141'),
    SaeInfo(l0=21, layer=12, width=65000, path='layer_12/width_65k/average_l0_21'),
    SaeInfo(l0=297, layer=12, width=65000, path='layer_12/width_65k/average_l0_297'),
    SaeInfo(l0=38, layer=12, width=65000, path='layer_12/width_65k/average_l0_38'),
    SaeInfo(l0=72, layer=12, width=65000, path='layer_12/width_65k/average_l0_72'),
    SaeInfo(l0=142, layer=13, width=65000, path='layer_13/width_65k/average_l0_142'),
    SaeInfo(l0=22, layer=13, width=65000, path='layer_13/width_65k/average_l0_22'),
    SaeInfo(l0=288, layer=13, width=65000, path='layer_13/width_65k/average_l0_288'),
    SaeInfo(l0=40, layer=13, width=65000, path='layer_13/width_65k/average_l0_40'),
    SaeInfo(l0=74, layer=13, width=65000, path='layer_13/width_65k/average_l0_74'),
    SaeInfo(l0=75, layer=13, width=65000, path='layer_13/width_65k/average_l0_75'),
    SaeInfo(l0=144, layer=14, width=65000, path='layer_14/width_65k/average_l0_144'),
    SaeInfo(l0=21, layer=14, width=65000, path='layer_14/width_65k/average_l0_21'),
    SaeInfo(l0=284, layer=14, width=65000, path='layer_14/width_65k/average_l0_284'),
    SaeInfo(l0=40, layer=14, width=65000, path='layer_14/width_65k/average_l0_40'),
    SaeInfo(l0=73, layer=14, width=65000, path='layer_14/width_65k/average_l0_73'),
    SaeInfo(l0=127, layer=15, width=65000, path='layer_15/width_65k/average_l0_127'),
    SaeInfo(l0=21, layer=15, width=65000, path='layer_15/width_65k/average_l0_21'),
    SaeInfo(l0=240, layer=15, width=65000, path='layer_15/width_65k/average_l0_240'),
    SaeInfo(l0=38, layer=15, width=65000, path='layer_15/width_65k/average_l0_38'),
    SaeInfo(l0=68, layer=15, width=65000, path='layer_15/width_65k/average_l0_68'),
    SaeInfo(l0=128, layer=16, width=65000, path='layer_16/width_65k/average_l0_128'),
    SaeInfo(l0=21, layer=16, width=65000, path='layer_16/width_65k/average_l0_21'),
    SaeInfo(l0=244, layer=16, width=65000, path='layer_16/width_65k/average_l0_244'),
    SaeInfo(l0=38, layer=16, width=65000, path='layer_16/width_65k/average_l0_38'),
    SaeInfo(l0=69, layer=16, width=65000, path='layer_16/width_65k/average_l0_69'),
    SaeInfo(l0=125, layer=17, width=65000, path='layer_17/width_65k/average_l0_125'),
    SaeInfo(l0=21, layer=17, width=65000, path='layer_17/width_65k/average_l0_21'),
    SaeInfo(l0=233, layer=17, width=65000, path='layer_17/width_65k/average_l0_233'),
    SaeInfo(l0=38, layer=17, width=65000, path='layer_17/width_65k/average_l0_38'),
    SaeInfo(l0=68, layer=17, width=65000, path='layer_17/width_65k/average_l0_68'),
    SaeInfo(l0=116, layer=18, width=65000, path='layer_18/width_65k/average_l0_116'),
    SaeInfo(l0=117, layer=18, width=65000, path='layer_18/width_65k/average_l0_117'),
    SaeInfo(l0=21, layer=18, width=65000, path='layer_18/width_65k/average_l0_21'),
    SaeInfo(l0=216, layer=18, width=65000, path='layer_18/width_65k/average_l0_216'),
    SaeInfo(l0=36, layer=18, width=65000, path='layer_18/width_65k/average_l0_36'),
    SaeInfo(l0=64, layer=18, width=65000, path='layer_18/width_65k/average_l0_64'),
    SaeInfo(l0=115, layer=19, width=65000, path='layer_19/width_65k/average_l0_115'),
    SaeInfo(l0=21, layer=19, width=65000, path='layer_19/width_65k/average_l0_21'),
    SaeInfo(l0=216, layer=19, width=65000, path='layer_19/width_65k/average_l0_216'),
    SaeInfo(l0=35, layer=19, width=65000, path='layer_19/width_65k/average_l0_35'),
    SaeInfo(l0=63, layer=19, width=65000, path='layer_19/width_65k/average_l0_63'),
    SaeInfo(l0=114, layer=20, width=65000, path='layer_20/width_65k/average_l0_114'),
    SaeInfo(l0=20, layer=20, width=65000, path='layer_20/width_65k/average_l0_20'),
    SaeInfo(l0=221, layer=20, width=65000, path='layer_20/width_65k/average_l0_221'),
    SaeInfo(l0=34, layer=20, width=65000, path='layer_20/width_65k/average_l0_34'),
    SaeInfo(l0=61, layer=20, width=65000, path='layer_20/width_65k/average_l0_61'),
    SaeInfo(l0=111, layer=21, width=65000, path='layer_21/width_65k/average_l0_111'),
    SaeInfo(l0=112, layer=21, width=65000, path='layer_21/width_65k/average_l0_112'),
    SaeInfo(l0=20, layer=21, width=65000, path='layer_21/width_65k/average_l0_20'),
    SaeInfo(l0=225, layer=21, width=65000, path='layer_21/width_65k/average_l0_225'),
    SaeInfo(l0=33, layer=21, width=65000, path='layer_21/width_65k/average_l0_33'),
    SaeInfo(l0=61, layer=21, width=65000, path='layer_21/width_65k/average_l0_61'),
    SaeInfo(l0=116, layer=22, width=65000, path='layer_22/width_65k/average_l0_116'),
    SaeInfo(l0=117, layer=22, width=65000, path='layer_22/width_65k/average_l0_117'),
    SaeInfo(l0=20, layer=22, width=65000, path='layer_22/width_65k/average_l0_20'),
    SaeInfo(l0=248, layer=22, width=65000, path='layer_22/width_65k/average_l0_248'),
    SaeInfo(l0=33, layer=22, width=65000, path='layer_22/width_65k/average_l0_33'),
    SaeInfo(l0=62, layer=22, width=65000, path='layer_22/width_65k/average_l0_62'),
    SaeInfo(l0=123, layer=23, width=65000, path='layer_23/width_65k/average_l0_123'),
    SaeInfo(l0=124, layer=23, width=65000, path='layer_23/width_65k/average_l0_124'),
    SaeInfo(l0=20, layer=23, width=65000, path='layer_23/width_65k/average_l0_20'),
    SaeInfo(l0=272, layer=23, width=65000, path='layer_23/width_65k/average_l0_272'),
    SaeInfo(l0=35, layer=23, width=65000, path='layer_23/width_65k/average_l0_35'),
    SaeInfo(l0=64, layer=23, width=65000, path='layer_23/width_65k/average_l0_64'),
    SaeInfo(l0=124, layer=24, width=65000, path='layer_24/width_65k/average_l0_124'),
    SaeInfo(l0=19, layer=24, width=65000, path='layer_24/width_65k/average_l0_19'),
    SaeInfo(l0=273, layer=24, width=65000, path='layer_24/width_65k/average_l0_273'),
    SaeInfo(l0=34, layer=24, width=65000, path='layer_24/width_65k/average_l0_34'),
    SaeInfo(l0=63, layer=24, width=65000, path='layer_24/width_65k/average_l0_63'),
    SaeInfo(l0=15, layer=25, width=65000, path='layer_25/width_65k/average_l0_15'),
    SaeInfo(l0=197, layer=25, width=65000, path='layer_25/width_65k/average_l0_197'),
    SaeInfo(l0=26, layer=25, width=65000, path='layer_25/width_65k/average_l0_26'),
    SaeInfo(l0=48, layer=25, width=65000, path='layer_25/width_65k/average_l0_48'),
    SaeInfo(l0=93, layer=25, width=65000, path='layer_25/width_65k/average_l0_93'),
  ])
# ---
